// Jest Snapshot v1, https://goo.gl/fbAQLP

exports[`renderData should accumulate as it is passed down to traversals 1`] = `
Array [
  Array [
    "div",
    "bacon",
    0,
    Array [
      "x",
      "bacon",
      0,
      Array [
        "x",
        "bacon",
        1,
      ],
      Array [
        "div",
        "bacon",
        1,
      ],
    ],
    Array [
      "div",
      "bacon",
      0,
    ],
  ],
]
`;
