// Jest Snapshot v1, https://goo.gl/fbAQLP

exports[`Traversal v2 Matches configuration on the most specific XPath test that matches 1`] = `<x-ok />`;

exports[`Traversal v2 based on a relative XPath query 1`] = `
<rendering-container>
  <cool-action>
    <node>
      div
    </node>
    <query>
      
    </query>
    <additional-stuff>
      {}
    </additional-stuff>
    <traverse>
      <x-ok>
        OK
      </x-ok>
    </traverse>
  </cool-action>
</rendering-container>
`;
